---
source: tests/snapshot_tests.rs
expression: plain
---
âœ– [error] processing failed top context
