---
source: tests/snapshot_tests.rs
expression: plain
---
[info] Simple log message
