---
source: tests/snapshot_tests.rs
expression: plain
---
âš   WARN  Repeated warning  (x5)
