---
source: tests/snapshot_tests.rs
expression: colored
---
[36;1m[box][0m Box content:
