---
source: tests/snapshot_tests.rs
expression: output
---
â„¹  INFO  Raw log message
