---
source: tests/snapshot_tests.rs
expression: plain
---
[error] Error occurred top error
