---
source: tests/snapshot_tests.rs
expression: plain
---
i  INFO  ASCII fallback test
