---
source: tests/snapshot_tests.rs
expression: colored
---
[36;1m[error][0m Error occurred top error
