---
source: tests/snapshot_tests.rs
expression: plain
---
[box] Box content:
