---
source: tests/snapshot_tests.rs
expression: output
---
[info] Raw log message
