---
source: tests/snapshot_tests.rs
expression: colored
---
[36;1mâ„¹[0m [36;1m[INFO][0m hello world
