---
source: tests/snapshot_tests.rs
expression: plain
---
â„¹  INFO  hello world
